Начало выполнения функции test_function с аргументами: (1, 2), {}
Функция test_function завершена. Результат: 3
Завершение выполнения функции test_function
Начало выполнения функции test_function с аргументами: (1, 2), {}
Функция test_function завершена. Результат: 3
Завершение выполнения функции test_function
Начало выполнения функции test_function с аргументами: (1, 2), {}
Функция test_function завершена. Результат: 3
Завершение выполнения функции test_function
Начало выполнения функции test_function с аргументами: (1, 2), {}
Функция test_function завершена. Результат: 3
Завершение выполнения функции test_function
Начало выполнения функции test_function с аргументами: (1, 2), {}
Функция test_function завершена. Результат: 3
Завершение выполнения функции test_function
Начало выполнения функции test_function с аргументами: (1, 2), {}
Функция test_function завершена. Результат: 3
Завершение выполнения функции test_function
Начало выполнения функции test_function с аргументами: (1, 2), {}
Функция test_function завершена. Результат: 3
Завершение выполнения функции test_function
Начало выполнения функции test_function с аргументами: (1, 2), {}
Функция test_function завершена. Результат: 3
Завершение выполнения функции test_function
Начало выполнения функции test_function с аргументами: (1, 2), {}
Функция test_function завершена. Результат: 3
Завершение выполнения функции test_function
Начало выполнения функции test_function с аргументами: (1, 2), {}
Функция test_function завершена. Результат: 3
Завершение выполнения функции test_function
Начало выполнения функции test_function с аргументами: (1, 2), {}
Функция test_function завершена. Результат: 3
Завершение выполнения функции test_function
Начало выполнения функции test_function с аргументами: (1, 2), {}
Функция test_function завершена. Результат: 3
Завершение выполнения функции test_function
Начало выполнения функции test_function с аргументами: (1, 2), {}
Функция test_function завершена. Результат: 3
Завершение выполнения функции test_function
Начало выполнения функции test_function с аргументами: (1, 2), {}
Функция test_function завершена. Результат: 3
Завершение выполнения функции test_function
Начало выполнения функции test_function с аргументами: (1, 2), {}
Функция test_function завершена. Результат: 3
Завершение выполнения функции test_function
Начало выполнения функции test_function с аргументами: (1, 2), {}
Функция test_function завершена. Результат: 3
Завершение выполнения функции test_function
Начало выполнения функции test_function с аргументами: (1, 2), {}
Функция test_function завершена. Результат: 3
Завершение выполнения функции test_function
Начало выполнения функции test_function с аргументами: (1, 2), {}
Функция test_function завершена. Результат: 3
Завершение выполнения функции test_function
Начало выполнения функции test_function с аргументами: (1, 2), {}
Функция test_function завершена. Результат: 3
Завершение выполнения функции test_function
Начало выполнения функции test_function с аргументами: (1, 2), {}
Функция test_function завершена. Результат: 3
Завершение выполнения функции test_function
Начало выполнения функции test_function с аргументами: (1, 2), {}
Функция test_function завершена. Результат: 3
Завершение выполнения функции test_function
Начало выполнения функции test_function с аргументами: (1, 2), {}
Функция test_function завершена. Результат: 3
Завершение выполнения функции test_function
Начало выполнения функции test_function с аргументами: (1, 2), {}
Функция test_function завершена. Результат: 3
Завершение выполнения функции test_function
Начало выполнения функции test_function с аргументами: (1, 2), {}
Функция test_function завершена. Результат: 3
Завершение выполнения функции test_function
Начало выполнения функции test_function с аргументами: (1, 2), {}
Функция test_function завершена. Результат: 3
Завершение выполнения функции test_function
Начало выполнения функции test_function с аргументами: (1, 2), {}
Функция test_function завершена. Результат: 3
Завершение выполнения функции test_function
Начало выполнения функции test_function с аргументами: (1, 2), {}
Функция test_function завершена. Результат: 3
Завершение выполнения функции test_function
Начало выполнения функции test_function с аргументами: (1, 2), {}
Функция test_function завершена. Результат: 3
Завершение выполнения функции test_function
Начало выполнения функции test_function с аргументами: (1, 2), {}
Функция test_function завершена. Результат: 3
Завершение выполнения функции test_function
Начало выполнения функции test_function с аргументами: (1, 2), {}
Функция test_function завершена. Результат: 3
Завершение выполнения функции test_function
Начало выполнения функции test_function с аргументами: (1, 2), {}
Функция test_function завершена. Результат: 3
Завершение выполнения функции test_function
Начало выполнения функции test_function с аргументами: (1, 2), {}
Функция test_function завершена. Результат: 3
Завершение выполнения функции test_function
Начало выполнения функции test_function с аргументами: (1, 2), {}
Функция test_function завершена. Результат: 3
Завершение выполнения функции test_function
